// Jest Snapshot v1, https://goo.gl/fbAQLP

exports[`renders correctly 1`] = `
<RNCSafeAreaProvider
  onInsetsChange={[Function]}
  style={
    {
      "flex": 1,
    }
  }
>
  <RNSScreenStack
    style={
      {
        "flex": 1,
      }
    }
  >
    <RNSScreen
      collapsable={false}
      gestureResponseDistance={
        {
          "bottom": -1,
          "end": -1,
          "start": -1,
          "top": -1,
        }
      }
      nativeBackButtonDismissalEnabled={false}
      onAppear={[Function]}
      onDisappear={[Function]}
      onDismissed={[Function]}
      onGestureCancel={[Function]}
      onHeaderBackButtonClicked={[Function]}
      onNativeDismissCancelled={[Function]}
      onTransitionProgress={[Function]}
      onWillDisappear={[Function]}
      replaceAnimation="push"
      sheetAllowedDetents="large"
      sheetCornerRadius={-1}
      sheetExpandsWhenScrolledToEdge={true}
      sheetGrabberVisible={false}
      sheetLargestUndimmedDetent="all"
      stackPresentation="push"
      style={
        {
          "bottom": 0,
          "left": 0,
          "position": "absolute",
          "right": 0,
          "top": 0,
        }
      }
      swipeDirection="horizontal"
    >
      <View
        accessibilityElementsHidden={false}
        importantForAccessibility="auto"
        style={
          {
            "flex": 1,
            "flexDirection": "column-reverse",
          }
        }
      >
        <View
          collapsable={false}
          style={
            [
              {
                "flex": 1,
              },
              {
                "backgroundColor": "rgb(242, 242, 242)",
              },
              undefined,
            ]
          }
        >
          <RCTSafeAreaView
            style={
              {
                "backgroundColor": "#EFEBE0",
                "flex": 1,
              }
            }
          >
            <View
              style={
                {
                  "flex": 1,
                  "paddingHorizontal": 8,
                }
              }
            >
              <View
                style={
                  {
                    "marginVertical": 16,
                  }
                }
              >
                <Text
                  style={
                    {
                      "fontSize": 15,
                    }
                  }
                >
                  Title
                </Text>
                <View
                  style={
                    {
                      "borderColor": "#DCDCDC",
                      "borderRadius": 8,
                      "borderWidth": 1,
                      "marginTop": 8,
                      "paddingHorizontal": 8,
                      "paddingVertical": 12,
                    }
                  }
                >
                  <Text
                    style={
                      {
                        "color": "#333333",
                        "fontSize": 20,
                        "fontWeight": "bold",
                        "paddingTop": 0,
                      }
                    }
                  >
                    sample title for testing
                  </Text>
                </View>
              </View>
              <RCTScrollView
                contentContainerStyle={
                  {
                    "flex": 1,
                    "marginBottom": 12,
                  }
                }
                style={
                  {
                    "flex": 1,
                  }
                }
              >
                <View>
                  <Text
                    style={
                      {
                        "fontSize": 15,
                      }
                    }
                  >
                    Body
                  </Text>
                  <View
                    style={
                      {
                        "borderColor": "#DCDCDC",
                        "borderRadius": 8,
                        "borderWidth": 1,
                        "marginTop": 8,
                        "paddingHorizontal": 8,
                        "paddingVertical": 12,
                      }
                    }
                  >
                    <Text
                      style={
                        {
                          "color": "#333333",
                          "paddingTop": 0,
                        }
                      }
                    >
                      sample body for testing
                    </Text>
                  </View>
                </View>
              </RCTScrollView>
              <View
                style={
                  {
                    "flexDirection": "row",
                    "justifyContent": "space-around",
                  }
                }
              >
                <View
                  accessibilityState={
                    {
                      "busy": undefined,
                      "checked": undefined,
                      "disabled": undefined,
                      "expanded": undefined,
                      "selected": undefined,
                    }
                  }
                  accessibilityValue={
                    {
                      "max": undefined,
                      "min": undefined,
                      "now": undefined,
                      "text": undefined,
                    }
                  }
                  accessible={true}
                  collapsable={false}
                  focusable={true}
                  onBlur={[Function]}
                  onClick={[Function]}
                  onFocus={[Function]}
                  onResponderGrant={[Function]}
                  onResponderMove={[Function]}
                  onResponderRelease={[Function]}
                  onResponderTerminate={[Function]}
                  onResponderTerminationRequest={[Function]}
                  onStartShouldSetResponder={[Function]}
                  style={
                    {
                      "alignItems": "center",
                      "backgroundColor": "#FB4570",
                      "borderRadius": 8,
                      "flex": 1,
                      "justifyContent": "center",
                      "marginHorizontal": 6,
                      "paddingVertical": 12,
                    }
                  }
                >
                  <Text
                    style={
                      {
                        "color": "#EFEBE0",
                        "fontSize": 18,
                      }
                    }
                  >
                    Edit
                  </Text>
                </View>
                <View
                  accessibilityState={
                    {
                      "busy": undefined,
                      "checked": undefined,
                      "disabled": undefined,
                      "expanded": undefined,
                      "selected": undefined,
                    }
                  }
                  accessibilityValue={
                    {
                      "max": undefined,
                      "min": undefined,
                      "now": undefined,
                      "text": undefined,
                    }
                  }
                  accessible={true}
                  collapsable={false}
                  focusable={true}
                  onBlur={[Function]}
                  onClick={[Function]}
                  onFocus={[Function]}
                  onResponderGrant={[Function]}
                  onResponderMove={[Function]}
                  onResponderRelease={[Function]}
                  onResponderTerminate={[Function]}
                  onResponderTerminationRequest={[Function]}
                  onStartShouldSetResponder={[Function]}
                  style={
                    {
                      "alignItems": "center",
                      "backgroundColor": "#FB4570",
                      "borderRadius": 8,
                      "flex": 1,
                      "justifyContent": "center",
                      "marginHorizontal": 6,
                      "paddingVertical": 12,
                    }
                  }
                >
                  <Text
                    style={
                      {
                        "color": "#EFEBE0",
                        "fontSize": 18,
                      }
                    }
                  >
                    Delete
                  </Text>
                </View>
              </View>
            </View>
          </RCTSafeAreaView>
        </View>
      </View>
      <RNSScreenStackHeaderConfig
        backButtonInCustomView={false}
        backTitleVisible={true}
        backgroundColor="rgb(255, 255, 255)"
        color="rgb(0, 122, 255)"
        direction="ltr"
        disableBackButtonMenu={false}
        hidden={false}
        hideBackButton={false}
        largeTitleHideShadow={false}
        title="TodoScreen"
        titleColor="rgb(28, 28, 30)"
        topInsetEnabled={false}
        translucent={false}
      />
    </RNSScreen>
  </RNSScreenStack>
</RNCSafeAreaProvider>
`;
